{
    "segmentationcelltiles - test - stub": {
        "content": [
            {
                "0": [
                    [
                        "segmentationcelltiles_test",
                        "segmentationcelltiles_test_segmentation_cell_tiles.zarr:md5,d41d8cd98f00b204e9800998ecf8427e"
                    ]
                ],
                "1": [
                    "versions.yml:md5,d41d8cd98f00b204e9800998ecf8427e"
                ],
                "data_array": [
                    [
                        "segmentationcelltiles_test",
                        "segmentationcelltiles_test_segmentation_cell_tiles.zarr:md5,d41d8cd98f00b204e9800998ecf8427e"
                    ]
                ],
                "versions": [
                    "versions.yml:md5,d41d8cd98f00b204e9800998ecf8427e"
                ]
            }
        ],
        "meta": {
            "nf-test": "0.9.2",
            "nextflow": "25.04.4"
        },
        "timestamp": "2025-11-19T18:56:43.317231252"
    },
    "segmentationcelltiles - test": {
        "content": [
            {
                "0": [
                    [
                        "segmentationcelltiles_test",
                        [
                            [
                                [
                                    "0:md5,f5eab7471affb3880cd9129a95a3a4bf",
                                    "1:md5,d8f696f4365ab84c392cf6215f4e9fa5"
                                ],
                                [
                                    "0:md5,fc87c28ddc60fd247363227607914b59",
                                    "1:md5,a042784eb86821f7dbf4cb87fc54ed9c"
                                ]
                            ],
                            "zarr.json:md5,e2f461843ce7d812dc62e44d23518095"
                        ]
                    ]
                ],
                "1": [
                    "versions.yml:md5,35f672d1fb01b542f667952c9dbb26fe"
                ],
                "data_array": [
                    [
                        "segmentationcelltiles_test",
                        [
                            [
                                [
                                    "0:md5,f5eab7471affb3880cd9129a95a3a4bf",
                                    "1:md5,d8f696f4365ab84c392cf6215f4e9fa5"
                                ],
                                [
                                    "0:md5,fc87c28ddc60fd247363227607914b59",
                                    "1:md5,a042784eb86821f7dbf4cb87fc54ed9c"
                                ]
                            ],
                            "zarr.json:md5,e2f461843ce7d812dc62e44d23518095"
                        ]
                    ]
                ],
                "versions": [
                    "versions.yml:md5,35f672d1fb01b542f667952c9dbb26fe"
                ]
            }
        ],
        "meta": {
            "nf-test": "0.9.2",
            "nextflow": "25.04.4"
        },
        "timestamp": "2025-11-19T18:56:29.422257077"
    }
}