{
    "segmentationnucleustiles - test - stub": {
        "content": [
            {
                "0": [
                    [
                        "segmentationnucleustiles_test",
                        "segmentationnucleustiles_test_segmentation_nucleus_tiles:md5,d41d8cd98f00b204e9800998ecf8427e"
                    ]
                ],
                "1": [
                    "versions.yml:md5,d41d8cd98f00b204e9800998ecf8427e"
                ],
                "data_array": [
                    [
                        "segmentationnucleustiles_test",
                        "segmentationnucleustiles_test_segmentation_nucleus_tiles:md5,d41d8cd98f00b204e9800998ecf8427e"
                    ]
                ],
                "versions": [
                    "versions.yml:md5,d41d8cd98f00b204e9800998ecf8427e"
                ]
            }
        ],
        "meta": {
            "nf-test": "0.9.2",
            "nextflow": "25.04.4"
        },
        "timestamp": "2025-11-20T11:49:55.816253192"
    },
    "segmentationnucleustiles - test": {
        "content": [
            {
                "0": [
                    [
                        "segmentationnucleustiles_test",
                        [
                            [
                                [
                                    "0:md5,7229d01aa8a65fafd7fc54fa5788ceed",
                                    "1:md5,c67ee8e052334f124006604ea3cd3b42"
                                ],
                                [
                                    "0:md5,7319bc72bf9b9200f670cf6ae8967a1c",
                                    "1:md5,bef5d649ff863298814a507f9c06bf38"
                                ]
                            ],
                            "zarr.json:md5,e2f461843ce7d812dc62e44d23518095"
                        ]
                    ]
                ],
                "1": [
                    "versions.yml:md5,35f672d1fb01b542f667952c9dbb26fe"
                ],
                "data_array": [
                    [
                        "segmentationnucleustiles_test",
                        [
                            [
                                [
                                    "0:md5,7229d01aa8a65fafd7fc54fa5788ceed",
                                    "1:md5,c67ee8e052334f124006604ea3cd3b42"
                                ],
                                [
                                    "0:md5,7319bc72bf9b9200f670cf6ae8967a1c",
                                    "1:md5,bef5d649ff863298814a507f9c06bf38"
                                ]
                            ],
                            "zarr.json:md5,e2f461843ce7d812dc62e44d23518095"
                        ]
                    ]
                ],
                "versions": [
                    "versions.yml:md5,35f672d1fb01b542f667952c9dbb26fe"
                ]
            }
        ],
        "meta": {
            "nf-test": "0.9.2",
            "nextflow": "25.04.4"
        },
        "timestamp": "2025-11-20T11:49:31.88799636"
    }
}