{
    "mouse heart - wkt - stub": {
        "content": [
            {
                "0": [
                    
                ],
                "1": [
                    [
                        {
                            "id": "test"
                        },
                        "test_merged.geojson:md5,d41d8cd98f00b204e9800998ecf8427e"
                    ]
                ],
                "2": [
                    "versions.yml:md5,61325cdf57afae3da72d6d421a87b433"
                ],
                "multipoly_geojsons": [
                    [
                        {
                            "id": "test"
                        },
                        "test_merged.geojson:md5,d41d8cd98f00b204e9800998ecf8427e"
                    ]
                ],
                "multipoly_wkts": [
                    
                ],
                "versions": [
                    "versions.yml:md5,61325cdf57afae3da72d6d421a87b433"
                ]
            }
        ],
        "timestamp": "2026-05-06T18:37:06.990734476",
        "meta": {
            "nf-test": "0.9.5",
            "nextflow": "26.04.0"
        }
    },
    "mouse heart - wkt": {
        "content": [
            {
                "0": [
                    [
                        {
                            "id": "test"
                        },
                        "test_merged.wkt:md5,b06bb6f68a118644e72ccfffaedaa46b"
                    ]
                ],
                "1": [
                    [
                        {
                            "id": "test"
                        },
                        "test_merged.geojson:md5,17ce1d6730c217292a5d5ee387715876"
                    ]
                ],
                "2": [
                    "versions.yml:md5,61325cdf57afae3da72d6d421a87b433"
                ],
                "multipoly_geojsons": [
                    [
                        {
                            "id": "test"
                        },
                        "test_merged.geojson:md5,17ce1d6730c217292a5d5ee387715876"
                    ]
                ],
                "multipoly_wkts": [
                    [
                        {
                            "id": "test"
                        },
                        "test_merged.wkt:md5,b06bb6f68a118644e72ccfffaedaa46b"
                    ]
                ],
                "versions": [
                    "versions.yml:md5,61325cdf57afae3da72d6d421a87b433"
                ]
            }
        ],
        "timestamp": "2026-05-06T18:36:52.864779471",
        "meta": {
            "nf-test": "0.9.5",
            "nextflow": "26.04.0"
        }
    }
}