{
    "mouse heart - wkt - stub": {
        "content": [
            {
                "0": [
                    
                ],
                "1": [
                    [
                        {
                            "id": "test"
                        },
                        "test_merged.geojson:md5,d41d8cd98f00b204e9800998ecf8427e"
                    ]
                ],
                "2": [
                    "versions.yml:md5,fe370145fc14c9517816dbbd5dfa273e"
                ],
                "multipoly_geojsons": [
                    [
                        {
                            "id": "test"
                        },
                        "test_merged.geojson:md5,d41d8cd98f00b204e9800998ecf8427e"
                    ]
                ],
                "multipoly_wkts": [
                    
                ],
                "versions": [
                    "versions.yml:md5,fe370145fc14c9517816dbbd5dfa273e"
                ]
            }
        ],
        "meta": {
            "nf-test": "0.9.2",
            "nextflow": "24.10.5"
        },
        "timestamp": "2026-02-26T10:13:20.702033604"
    },
    "mouse heart - wkt": {
        "content": [
            {
                "0": [
                    [
                        {
                            "id": "test"
                        },
                        "test_merged.wkt:md5,ac7ba24ae1deff214bf465aed36a42f9"
                    ]
                ],
                "1": [
                    [
                        {
                            "id": "test"
                        },
                        "test_merged.geojson:md5,0e17590b6af5065d58270ee8708db50c"
                    ]
                ],
                "2": [
                    "versions.yml:md5,fe370145fc14c9517816dbbd5dfa273e"
                ],
                "multipoly_geojsons": [
                    [
                        {
                            "id": "test"
                        },
                        "test_merged.geojson:md5,0e17590b6af5065d58270ee8708db50c"
                    ]
                ],
                "multipoly_wkts": [
                    [
                        {
                            "id": "test"
                        },
                        "test_merged.wkt:md5,ac7ba24ae1deff214bf465aed36a42f9"
                    ]
                ],
                "versions": [
                    "versions.yml:md5,fe370145fc14c9517816dbbd5dfa273e"
                ]
            }
        ],
        "meta": {
            "nf-test": "0.9.2",
            "nextflow": "24.10.5"
        },
        "timestamp": "2026-02-26T10:13:11.778903634"
    }
}