{
    "xeniumharmonise - test": {
        "content": [
            {
                "0": [
                    
                ],
                "1": [
                    
                ],
                "harmonised_output": [
                    
                ],
                "versions": [
                    
                ]
            }
        ],
        "meta": {
            "nf-test": "0.9.2",
            "nextflow": "25.04.4"
        },
        "timestamp": "2025-08-15T16:39:09.52666679"
    },
    "xeniumharmonise - run - stub": {
        "content": [
            {
                "0": [
                    
                ],
                "1": [
                    
                ],
                "harmonised_output": [
                    
                ],
                "versions": [
                    
                ]
            }
        ],
        "meta": {
            "nf-test": "0.9.2",
            "nextflow": "25.04.4"
        },
        "timestamp": "2025-08-15T16:36:38.982993374"
    }
}