{
    "valis merge - with channel names json - stub": {
        "content": [
            {
                "0": [
                    [
                        {
                            "id": "test_sample"
                        },
                        "test_sample_merged.ome.tiff:md5,d41d8cd98f00b204e9800998ecf8427e"
                    ]
                ],
                "1": [
                    [
                        "VALIS_MERGE",
                        "valis",
                        ""
                    ]
                ],
                "merged": [
                    [
                        {
                            "id": "test_sample"
                        },
                        "test_sample_merged.ome.tiff:md5,d41d8cd98f00b204e9800998ecf8427e"
                    ]
                ],
                "versions": [
                    [
                        "VALIS_MERGE",
                        "valis",
                        ""
                    ]
                ]
            }
        ],
        "timestamp": "2026-05-05T14:44:53.388287918",
        "meta": {
            "nf-test": "0.9.5",
            "nextflow": "26.04.0"
        }
    },
    "valis merge - no channel names - stub": {
        "content": [
            {
                "0": [
                    [
                        {
                            "id": "test_sample"
                        },
                        "test_sample_merged.ome.tiff:md5,d41d8cd98f00b204e9800998ecf8427e"
                    ]
                ],
                "1": [
                    [
                        "VALIS_MERGE",
                        "valis",
                        ""
                    ]
                ],
                "merged": [
                    [
                        {
                            "id": "test_sample"
                        },
                        "test_sample_merged.ome.tiff:md5,d41d8cd98f00b204e9800998ecf8427e"
                    ]
                ],
                "versions": [
                    [
                        "VALIS_MERGE",
                        "valis",
                        ""
                    ]
                ]
            }
        ],
        "timestamp": "2026-05-05T14:44:48.500653599",
        "meta": {
            "nf-test": "0.9.5",
            "nextflow": "26.04.0"
        }
    }
}