{
    "mouse_heart - tiff - stub": {
        "content": [
            {
                "0": [
                    
                ],
                "1": [
                    [
                        {
                            "id": "test"
                        },
                        "test-0_0_100_100-diam_20_cp_outlines.wkt:md5,d41d8cd98f00b204e9800998ecf8427e"
                    ]
                ],
                "2": [
                    
                ],
                "3": [
                    "versions.yml:md5,7e501af94badbe37fdb91cc45a6a2965"
                ],
                "cp_plots": [
                    
                ],
                "outlines": [
                    
                ],
                "versions": [
                    "versions.yml:md5,7e501af94badbe37fdb91cc45a6a2965"
                ],
                "wkts": [
                    [
                        {
                            "id": "test"
                        },
                        "test-0_0_100_100-diam_20_cp_outlines.wkt:md5,d41d8cd98f00b204e9800998ecf8427e"
                    ]
                ]
            }
        ],
        "timestamp": "2025-10-23T15:17:42.636206013",
        "meta": {
            "nf-test": "0.9.2",
            "nextflow": "24.10.5"
        }
    },
    "mouse_heart - tiff - 500": {
        "content": [
            {
                "0": [
                    [
                        {
                            "id": "test"
                        },
                        "test-0_0_500_500-diam_20_cp_outlines.txt:md5,4bb3af4e6f6b1efb270f9fffd60c8b65"
                    ]
                ],
                "1": [
                    [
                        {
                            "id": "test"
                        },
                        "test-0_0_500_500-diam_20_cp_outlines.wkt:md5,87a498f4de567d6b4248ba5e3ce3fada"
                    ]
                ],
                "2": [
                    [
                        {
                            "id": "test"
                        },
                        [
                            "test-0_0_500_500-diam_20_cp_masks.png:md5,d102eb7bf42a295eb73a019674781214",
                            "test-0_0_500_500-diam_20_outlines_cp_masks.png:md5,a1dbb46453d4c4b3667396f8024c6ca8"
                        ]
                    ]
                ],
                "3": [
                    "versions.yml:md5,2ae21bb29e6f754233afadc14a8b8fd6"
                ],
                "cp_plots": [
                    [
                        {
                            "id": "test"
                        },
                        [
                            "test-0_0_500_500-diam_20_cp_masks.png:md5,d102eb7bf42a295eb73a019674781214",
                            "test-0_0_500_500-diam_20_outlines_cp_masks.png:md5,a1dbb46453d4c4b3667396f8024c6ca8"
                        ]
                    ]
                ],
                "outlines": [
                    [
                        {
                            "id": "test"
                        },
                        "test-0_0_500_500-diam_20_cp_outlines.txt:md5,4bb3af4e6f6b1efb270f9fffd60c8b65"
                    ]
                ],
                "versions": [
                    "versions.yml:md5,2ae21bb29e6f754233afadc14a8b8fd6"
                ],
                "wkts": [
                    [
                        {
                            "id": "test"
                        },
                        "test-0_0_500_500-diam_20_cp_outlines.wkt:md5,87a498f4de567d6b4248ba5e3ce3fada"
                    ]
                ]
            }
        ],
        "timestamp": "2026-04-29T17:04:05.152926311",
        "meta": {
            "nf-test": "0.9.5",
            "nextflow": "26.04.0"
        }
    },
    "fake_3d_ball - tiff - 3D": {
        "content": [
            {
                "0": [
                    
                ],
                "1": [
                    [
                        {
                            "id": "test"
                        },
                        "test-0_0_100_100-diam_20_cp_outlines.wkt:md5,d41d8cd98f00b204e9800998ecf8427e"
                    ]
                ],
                "2": [
                    
                ],
                "3": [
                    "versions.yml:md5,2ae21bb29e6f754233afadc14a8b8fd6"
                ],
                "cp_plots": [
                    
                ],
                "outlines": [
                    
                ],
                "versions": [
                    "versions.yml:md5,2ae21bb29e6f754233afadc14a8b8fd6"
                ],
                "wkts": [
                    [
                        {
                            "id": "test"
                        },
                        "test-0_0_100_100-diam_20_cp_outlines.wkt:md5,d41d8cd98f00b204e9800998ecf8427e"
                    ]
                ]
            }
        ],
        "timestamp": "2026-04-29T20:20:37.593800631",
        "meta": {
            "nf-test": "0.9.5",
            "nextflow": "26.04.0"
        }
    },
    "mouse_heart - tiff - 200": {
        "content": [
            {
                "0": [
                    [
                        {
                            "id": "test"
                        },
                        "test-0_0_200_200-diam_20_cp_outlines.txt:md5,176bb1d4a70016605424a37a4c812b99"
                    ]
                ],
                "1": [
                    [
                        {
                            "id": "test"
                        },
                        "test-0_0_200_200-diam_20_cp_outlines.wkt:md5,0bdd6ec25787fb9f1b3803090f989964"
                    ]
                ],
                "2": [
                    [
                        {
                            "id": "test"
                        },
                        [
                            "test-0_0_200_200-diam_20_cp_masks.png:md5,28462ef38659f33f1a1caee4263309c7",
                            "test-0_0_200_200-diam_20_outlines_cp_masks.png:md5,d52e091748a48c0e20e28b9177b69523"
                        ]
                    ]
                ],
                "3": [
                    "versions.yml:md5,2ae21bb29e6f754233afadc14a8b8fd6"
                ],
                "cp_plots": [
                    [
                        {
                            "id": "test"
                        },
                        [
                            "test-0_0_200_200-diam_20_cp_masks.png:md5,28462ef38659f33f1a1caee4263309c7",
                            "test-0_0_200_200-diam_20_outlines_cp_masks.png:md5,d52e091748a48c0e20e28b9177b69523"
                        ]
                    ]
                ],
                "outlines": [
                    [
                        {
                            "id": "test"
                        },
                        "test-0_0_200_200-diam_20_cp_outlines.txt:md5,176bb1d4a70016605424a37a4c812b99"
                    ]
                ],
                "versions": [
                    "versions.yml:md5,2ae21bb29e6f754233afadc14a8b8fd6"
                ],
                "wkts": [
                    [
                        {
                            "id": "test"
                        },
                        "test-0_0_200_200-diam_20_cp_outlines.wkt:md5,0bdd6ec25787fb9f1b3803090f989964"
                    ]
                ]
            }
        ],
        "timestamp": "2026-04-29T17:05:06.734335432",
        "meta": {
            "nf-test": "0.9.5",
            "nextflow": "26.04.0"
        }
    },
    "mouse_heart - tiff - 200 - large cell diameter": {
        "content": [
            {
                "0": [
                    
                ],
                "1": [
                    [
                        {
                            "id": "test"
                        },
                        "test-0_0_200_200-diam_50_cp_outlines.wkt:md5,d41d8cd98f00b204e9800998ecf8427e"
                    ]
                ],
                "2": [
                    
                ],
                "3": [
                    "versions.yml:md5,2ae21bb29e6f754233afadc14a8b8fd6"
                ],
                "cp_plots": [
                    
                ],
                "outlines": [
                    
                ],
                "versions": [
                    "versions.yml:md5,2ae21bb29e6f754233afadc14a8b8fd6"
                ],
                "wkts": [
                    [
                        {
                            "id": "test"
                        },
                        "test-0_0_200_200-diam_50_cp_outlines.wkt:md5,d41d8cd98f00b204e9800998ecf8427e"
                    ]
                ]
            }
        ],
        "timestamp": "2026-04-29T17:05:34.215982597",
        "meta": {
            "nf-test": "0.9.5",
            "nextflow": "26.04.0"
        }
    }
}