{
    "mouse_heart - tiff - stub": {
        "content": [
            {
                "0": [
                    
                ],
                "1": [
                    [
                        {
                            "id": "test"
                        },
                        "test-0_0_100_100-diam_20_cp_outlines.wkt:md5,d41d8cd98f00b204e9800998ecf8427e"
                    ]
                ],
                "2": [
                    
                ],
                "3": [
                    "versions.yml:md5,7e501af94badbe37fdb91cc45a6a2965"
                ],
                "cp_plots": [
                    
                ],
                "outlines": [
                    
                ],
                "versions": [
                    "versions.yml:md5,7e501af94badbe37fdb91cc45a6a2965"
                ],
                "wkts": [
                    [
                        {
                            "id": "test"
                        },
                        "test-0_0_100_100-diam_20_cp_outlines.wkt:md5,d41d8cd98f00b204e9800998ecf8427e"
                    ]
                ]
            }
        ],
        "meta": {
            "nf-test": "0.9.2",
            "nextflow": "24.10.5"
        },
        "timestamp": "2025-10-23T15:17:42.636206013"
    },
    "mouse_heart - tiff - 500": {
        "content": [
            {
                "0": [
                    [
                        {
                            "id": "test"
                        },
                        "test-0_0_500_500-diam_20_cp_outlines.txt:md5,adb12dc55d990539b15f3ce61d7c8efe"
                    ]
                ],
                "1": [
                    [
                        {
                            "id": "test"
                        },
                        "test-0_0_500_500-diam_20_cp_outlines.wkt:md5,fe837bbb6adc3d13928ed9b3405e4d9c"
                    ]
                ],
                "2": [
                    [
                        {
                            "id": "test"
                        },
                        [
                            "test-0_0_500_500-diam_20_cp_masks.png:md5,a1e143c85d8314e9abe9d2d35ea9760a",
                            "test-0_0_500_500-diam_20_outlines.png:md5,36b8f6235c68416d267290547010f453"
                        ]
                    ]
                ],
                "3": [
                    "versions.yml:md5,2ae21bb29e6f754233afadc14a8b8fd6"
                ],
                "cp_plots": [
                    [
                        {
                            "id": "test"
                        },
                        [
                            "test-0_0_500_500-diam_20_cp_masks.png:md5,a1e143c85d8314e9abe9d2d35ea9760a",
                            "test-0_0_500_500-diam_20_outlines.png:md5,36b8f6235c68416d267290547010f453"
                        ]
                    ]
                ],
                "outlines": [
                    [
                        {
                            "id": "test"
                        },
                        "test-0_0_500_500-diam_20_cp_outlines.txt:md5,adb12dc55d990539b15f3ce61d7c8efe"
                    ]
                ],
                "versions": [
                    "versions.yml:md5,2ae21bb29e6f754233afadc14a8b8fd6"
                ],
                "wkts": [
                    [
                        {
                            "id": "test"
                        },
                        "test-0_0_500_500-diam_20_cp_outlines.wkt:md5,fe837bbb6adc3d13928ed9b3405e4d9c"
                    ]
                ]
            }
        ],
        "meta": {
            "nf-test": "0.9.2",
            "nextflow": "24.10.5"
        },
        "timestamp": "2025-10-23T15:16:46.604313621"
    },
    "mouse_heart - tiff - 200": {
        "content": [
            {
                "0": [
                    [
                        {
                            "id": "test"
                        },
                        "test-0_0_200_200-diam_20_cp_outlines.txt:md5,84905a3565d5e31df584c35cd42fc120"
                    ]
                ],
                "1": [
                    [
                        {
                            "id": "test"
                        },
                        "test-0_0_200_200-diam_20_cp_outlines.wkt:md5,b5d958738a1e7f30115b2ca3937755e4"
                    ]
                ],
                "2": [
                    [
                        {
                            "id": "test"
                        },
                        [
                            "test-0_0_200_200-diam_20_cp_masks.png:md5,2438cd29e8c392d7dd896c4abe763d50",
                            "test-0_0_200_200-diam_20_outlines.png:md5,ae0e50c7f2ae8af015e989f8eb8d2ff8"
                        ]
                    ]
                ],
                "3": [
                    "versions.yml:md5,2ae21bb29e6f754233afadc14a8b8fd6"
                ],
                "cp_plots": [
                    [
                        {
                            "id": "test"
                        },
                        [
                            "test-0_0_200_200-diam_20_cp_masks.png:md5,2438cd29e8c392d7dd896c4abe763d50",
                            "test-0_0_200_200-diam_20_outlines.png:md5,ae0e50c7f2ae8af015e989f8eb8d2ff8"
                        ]
                    ]
                ],
                "outlines": [
                    [
                        {
                            "id": "test"
                        },
                        "test-0_0_200_200-diam_20_cp_outlines.txt:md5,84905a3565d5e31df584c35cd42fc120"
                    ]
                ],
                "versions": [
                    "versions.yml:md5,2ae21bb29e6f754233afadc14a8b8fd6"
                ],
                "wkts": [
                    [
                        {
                            "id": "test"
                        },
                        "test-0_0_200_200-diam_20_cp_outlines.wkt:md5,b5d958738a1e7f30115b2ca3937755e4"
                    ]
                ]
            }
        ],
        "meta": {
            "nf-test": "0.9.2",
            "nextflow": "24.10.5"
        },
        "timestamp": "2025-10-23T15:17:08.126863979"
    },
    "mouse_heart - tiff - 200 - large cell diameter": {
        "content": [
            {
                "0": [
                    [
                        {
                            "id": "test"
                        },
                        "test-0_0_200_200-diam_50_cp_outlines.txt:md5,1c4328b60eec087cdfe59c5392c228c5"
                    ]
                ],
                "1": [
                    [
                        {
                            "id": "test"
                        },
                        "test-0_0_200_200-diam_50_cp_outlines.wkt:md5,794454b80771bfb41532a6eb5ebf2dff"
                    ]
                ],
                "2": [
                    [
                        {
                            "id": "test"
                        },
                        [
                            "test-0_0_200_200-diam_50_cp_masks.png:md5,eb0c89bce655669134a7c08108a9fbe4",
                            "test-0_0_200_200-diam_50_outlines.png:md5,23c766ec26a1a6f5ec107c855ec9dbbf"
                        ]
                    ]
                ],
                "3": [
                    "versions.yml:md5,2ae21bb29e6f754233afadc14a8b8fd6"
                ],
                "cp_plots": [
                    [
                        {
                            "id": "test"
                        },
                        [
                            "test-0_0_200_200-diam_50_cp_masks.png:md5,eb0c89bce655669134a7c08108a9fbe4",
                            "test-0_0_200_200-diam_50_outlines.png:md5,23c766ec26a1a6f5ec107c855ec9dbbf"
                        ]
                    ]
                ],
                "outlines": [
                    [
                        {
                            "id": "test"
                        },
                        "test-0_0_200_200-diam_50_cp_outlines.txt:md5,1c4328b60eec087cdfe59c5392c228c5"
                    ]
                ],
                "versions": [
                    "versions.yml:md5,2ae21bb29e6f754233afadc14a8b8fd6"
                ],
                "wkts": [
                    [
                        {
                            "id": "test"
                        },
                        "test-0_0_200_200-diam_50_cp_outlines.wkt:md5,794454b80771bfb41532a6eb5ebf2dff"
                    ]
                ]
            }
        ],
        "meta": {
            "nf-test": "0.9.2",
            "nextflow": "24.10.5"
        },
        "timestamp": "2025-10-23T15:17:29.924919321"
    }
}