{
    "mouse_heart - tiff - stub": {
        "content": [
            {
                "0": [
                    [
                        {
                            "id": "test"
                        },
                        "test_tile_coords.csv:md5,d41d8cd98f00b204e9800998ecf8427e"
                    ]
                ],
                "1": [
                    "versions.yml:md5,7ce5a873e09d7aebf65e182f2214c963"
                ],
                "tile_coords": [
                    [
                        {
                            "id": "test"
                        },
                        "test_tile_coords.csv:md5,d41d8cd98f00b204e9800998ecf8427e"
                    ]
                ],
                "versions": [
                    "versions.yml:md5,7ce5a873e09d7aebf65e182f2214c963"
                ]
            }
        ],
        "timestamp": "2026-05-06T16:56:00.349621281",
        "meta": {
            "nf-test": "0.9.5",
            "nextflow": "26.04.0"
        }
    },
    "mouse_heart - tiff": {
        "content": [
            {
                "0": [
                    [
                        {
                            "id": "test"
                        },
                        "test_tile_coords.csv:md5,736ea44566b4ff52f7bcf1d46078152b"
                    ]
                ],
                "1": [
                    "versions.yml:md5,7ce5a873e09d7aebf65e182f2214c963"
                ],
                "tile_coords": [
                    [
                        {
                            "id": "test"
                        },
                        "test_tile_coords.csv:md5,736ea44566b4ff52f7bcf1d46078152b"
                    ]
                ],
                "versions": [
                    "versions.yml:md5,7ce5a873e09d7aebf65e182f2214c963"
                ]
            }
        ],
        "timestamp": "2026-05-06T16:55:49.708001287",
        "meta": {
            "nf-test": "0.9.5",
            "nextflow": "26.04.0"
        }
    }
}