{
    "pe2ometif - perkinelmer full run": {
        "content": [
            {
                "0": [
                    [
                        {
                            "id": "test"
                        },
                        "test_1_C07_F001_maxproj.ome.tif:md5,039048a87c7eac6bf844564b53ef1b4d"
                    ]
                ],
                "1": [
                    [
                        {
                            "id": "test"
                        },
                        "test_1.companion.ome:md5,4740bb878816304773fb0d58abbf9140"
                    ]
                ],
                "2": [
                    [
                        {
                            "id": "test"
                        },
                        "test_1_C07.companion.ome:md5,4740bb878816304773fb0d58abbf9140"
                    ]
                ],
                "3": [
                    
                ],
                "4": [
                    
                ],
                "5": [
                    [
                        "PE2OMETIF",
                        "pe2ometif",
                        "3.10.0"
                    ]
                ],
                "dfp_maps": [
                    
                ],
                "ffp_maps": [
                    
                ],
                "master_companion": [
                    [
                        {
                            "id": "test"
                        },
                        "test_1.companion.ome:md5,4740bb878816304773fb0d58abbf9140"
                    ]
                ],
                "ome_tif": [
                    [
                        {
                            "id": "test"
                        },
                        "test_1_C07_F001_maxproj.ome.tif:md5,039048a87c7eac6bf844564b53ef1b4d"
                    ]
                ],
                "per_well_companions": [
                    [
                        {
                            "id": "test"
                        },
                        "test_1_C07.companion.ome:md5,4740bb878816304773fb0d58abbf9140"
                    ]
                ],
                "versions_pe2ometif": [
                    [
                        "PE2OMETIF",
                        "pe2ometif",
                        "3.10.0"
                    ]
                ]
            }
        ],
        "meta": {
            "nf-test": "0.9.2",
            "nextflow": "25.10.4"
        },
        "timestamp": "2026-04-24T16:24:45.402836774"
    },
    "pe2ometif - row range stub": {
        "content": [
            {
                "0": [
                    [
                        {
                            "id": "test"
                        },
                        "test_1_A01_F001_maxproj.ome.tif:md5,d41d8cd98f00b204e9800998ecf8427e"
                    ]
                ],
                "1": [
                    [
                        {
                            "id": "test"
                        },
                        "test_1.companion.ome:md5,d41d8cd98f00b204e9800998ecf8427e"
                    ]
                ],
                "2": [
                    [
                        {
                            "id": "test"
                        },
                        "test_1_A01.companion.ome:md5,d41d8cd98f00b204e9800998ecf8427e"
                    ]
                ],
                "3": [
                    [
                        {
                            "id": "test"
                        },
                        "test_1_ch01_ffp.tiff:md5,d41d8cd98f00b204e9800998ecf8427e"
                    ]
                ],
                "4": [
                    [
                        {
                            "id": "test"
                        },
                        "test_1_ch01_dfp.tiff:md5,d41d8cd98f00b204e9800998ecf8427e"
                    ]
                ],
                "5": [
                    [
                        "PE2OMETIF",
                        "pe2ometif",
                        "3.10.0"
                    ]
                ],
                "dfp_maps": [
                    [
                        {
                            "id": "test"
                        },
                        "test_1_ch01_dfp.tiff:md5,d41d8cd98f00b204e9800998ecf8427e"
                    ]
                ],
                "ffp_maps": [
                    [
                        {
                            "id": "test"
                        },
                        "test_1_ch01_ffp.tiff:md5,d41d8cd98f00b204e9800998ecf8427e"
                    ]
                ],
                "master_companion": [
                    [
                        {
                            "id": "test"
                        },
                        "test_1.companion.ome:md5,d41d8cd98f00b204e9800998ecf8427e"
                    ]
                ],
                "ome_tif": [
                    [
                        {
                            "id": "test"
                        },
                        "test_1_A01_F001_maxproj.ome.tif:md5,d41d8cd98f00b204e9800998ecf8427e"
                    ]
                ],
                "per_well_companions": [
                    [
                        {
                            "id": "test"
                        },
                        "test_1_A01.companion.ome:md5,d41d8cd98f00b204e9800998ecf8427e"
                    ]
                ],
                "versions_pe2ometif": [
                    [
                        "PE2OMETIF",
                        "pe2ometif",
                        "3.10.0"
                    ]
                ]
            }
        ],
        "meta": {
            "nf-test": "0.9.2",
            "nextflow": "25.10.4"
        },
        "timestamp": "2026-04-24T16:20:48.46940058"
    },
    "pe2ometif - no companion stub": {
        "content": [
            {
                "0": [
                    [
                        {
                            "id": "test"
                        },
                        "test_1_A01_F001_maxproj.ome.tif:md5,d41d8cd98f00b204e9800998ecf8427e"
                    ]
                ],
                "1": [
                    [
                        {
                            "id": "test"
                        },
                        "test_1.companion.ome:md5,d41d8cd98f00b204e9800998ecf8427e"
                    ]
                ],
                "2": [
                    [
                        {
                            "id": "test"
                        },
                        "test_1_A01.companion.ome:md5,d41d8cd98f00b204e9800998ecf8427e"
                    ]
                ],
                "3": [
                    [
                        {
                            "id": "test"
                        },
                        "test_1_ch01_ffp.tiff:md5,d41d8cd98f00b204e9800998ecf8427e"
                    ]
                ],
                "4": [
                    [
                        {
                            "id": "test"
                        },
                        "test_1_ch01_dfp.tiff:md5,d41d8cd98f00b204e9800998ecf8427e"
                    ]
                ],
                "5": [
                    [
                        "PE2OMETIF",
                        "pe2ometif",
                        "3.10.0"
                    ]
                ],
                "dfp_maps": [
                    [
                        {
                            "id": "test"
                        },
                        "test_1_ch01_dfp.tiff:md5,d41d8cd98f00b204e9800998ecf8427e"
                    ]
                ],
                "ffp_maps": [
                    [
                        {
                            "id": "test"
                        },
                        "test_1_ch01_ffp.tiff:md5,d41d8cd98f00b204e9800998ecf8427e"
                    ]
                ],
                "master_companion": [
                    [
                        {
                            "id": "test"
                        },
                        "test_1.companion.ome:md5,d41d8cd98f00b204e9800998ecf8427e"
                    ]
                ],
                "ome_tif": [
                    [
                        {
                            "id": "test"
                        },
                        "test_1_A01_F001_maxproj.ome.tif:md5,d41d8cd98f00b204e9800998ecf8427e"
                    ]
                ],
                "per_well_companions": [
                    [
                        {
                            "id": "test"
                        },
                        "test_1_A01.companion.ome:md5,d41d8cd98f00b204e9800998ecf8427e"
                    ]
                ],
                "versions_pe2ometif": [
                    [
                        "PE2OMETIF",
                        "pe2ometif",
                        "3.10.0"
                    ]
                ]
            }
        ],
        "meta": {
            "nf-test": "0.9.2",
            "nextflow": "25.10.4"
        },
        "timestamp": "2026-04-24T16:20:07.347087383"
    },
    "pe2ometif - row and col range matching well": {
        "content": [
            {
                "0": [
                    [
                        {
                            "id": "test"
                        },
                        "test_1_C07_F001_maxproj.ome.tif:md5,039048a87c7eac6bf844564b53ef1b4d"
                    ]
                ],
                "1": [
                    [
                        {
                            "id": "test"
                        },
                        "test_1.companion.ome:md5,1ba50e284d50ffc300fcfc8f0ccccc61"
                    ]
                ],
                "2": [
                    [
                        {
                            "id": "test"
                        },
                        "test_1_C07.companion.ome:md5,1ba50e284d50ffc300fcfc8f0ccccc61"
                    ]
                ],
                "3": [
                    
                ],
                "4": [
                    
                ],
                "5": [
                    [
                        "PE2OMETIF",
                        "pe2ometif",
                        "3.10.0"
                    ]
                ],
                "dfp_maps": [
                    
                ],
                "ffp_maps": [
                    
                ],
                "master_companion": [
                    [
                        {
                            "id": "test"
                        },
                        "test_1.companion.ome:md5,1ba50e284d50ffc300fcfc8f0ccccc61"
                    ]
                ],
                "ome_tif": [
                    [
                        {
                            "id": "test"
                        },
                        "test_1_C07_F001_maxproj.ome.tif:md5,039048a87c7eac6bf844564b53ef1b4d"
                    ]
                ],
                "per_well_companions": [
                    [
                        {
                            "id": "test"
                        },
                        "test_1_C07.companion.ome:md5,1ba50e284d50ffc300fcfc8f0ccccc61"
                    ]
                ],
                "versions_pe2ometif": [
                    [
                        "PE2OMETIF",
                        "pe2ometif",
                        "3.10.0"
                    ]
                ]
            }
        ],
        "meta": {
            "nf-test": "0.9.2",
            "nextflow": "25.10.4"
        },
        "timestamp": "2026-04-24T16:25:12.458615916"
    },
    "pe2ometif - col range stub": {
        "content": [
            {
                "0": [
                    [
                        {
                            "id": "test"
                        },
                        "test_1_A01_F001_maxproj.ome.tif:md5,d41d8cd98f00b204e9800998ecf8427e"
                    ]
                ],
                "1": [
                    [
                        {
                            "id": "test"
                        },
                        "test_1.companion.ome:md5,d41d8cd98f00b204e9800998ecf8427e"
                    ]
                ],
                "2": [
                    [
                        {
                            "id": "test"
                        },
                        "test_1_A01.companion.ome:md5,d41d8cd98f00b204e9800998ecf8427e"
                    ]
                ],
                "3": [
                    [
                        {
                            "id": "test"
                        },
                        "test_1_ch01_ffp.tiff:md5,d41d8cd98f00b204e9800998ecf8427e"
                    ]
                ],
                "4": [
                    [
                        {
                            "id": "test"
                        },
                        "test_1_ch01_dfp.tiff:md5,d41d8cd98f00b204e9800998ecf8427e"
                    ]
                ],
                "5": [
                    [
                        "PE2OMETIF",
                        "pe2ometif",
                        "3.10.0"
                    ]
                ],
                "dfp_maps": [
                    [
                        {
                            "id": "test"
                        },
                        "test_1_ch01_dfp.tiff:md5,d41d8cd98f00b204e9800998ecf8427e"
                    ]
                ],
                "ffp_maps": [
                    [
                        {
                            "id": "test"
                        },
                        "test_1_ch01_ffp.tiff:md5,d41d8cd98f00b204e9800998ecf8427e"
                    ]
                ],
                "master_companion": [
                    [
                        {
                            "id": "test"
                        },
                        "test_1.companion.ome:md5,d41d8cd98f00b204e9800998ecf8427e"
                    ]
                ],
                "ome_tif": [
                    [
                        {
                            "id": "test"
                        },
                        "test_1_A01_F001_maxproj.ome.tif:md5,d41d8cd98f00b204e9800998ecf8427e"
                    ]
                ],
                "per_well_companions": [
                    [
                        {
                            "id": "test"
                        },
                        "test_1_A01.companion.ome:md5,d41d8cd98f00b204e9800998ecf8427e"
                    ]
                ],
                "versions_pe2ometif": [
                    [
                        "PE2OMETIF",
                        "pe2ometif",
                        "3.10.0"
                    ]
                ]
            }
        ],
        "meta": {
            "nf-test": "0.9.2",
            "nextflow": "25.10.4"
        },
        "timestamp": "2026-04-24T16:20:53.130619921"
    },
    "pe2ometif - row range matching well": {
        "content": [
            {
                "0": [
                    [
                        {
                            "id": "test"
                        },
                        "test_1_C07_F001_maxproj.ome.tif:md5,039048a87c7eac6bf844564b53ef1b4d"
                    ]
                ],
                "1": [
                    [
                        {
                            "id": "test"
                        },
                        "test_1.companion.ome:md5,305734cf869cbdffaa6a6299abccaefd"
                    ]
                ],
                "2": [
                    [
                        {
                            "id": "test"
                        },
                        "test_1_C07.companion.ome:md5,305734cf869cbdffaa6a6299abccaefd"
                    ]
                ],
                "3": [
                    
                ],
                "4": [
                    
                ],
                "5": [
                    [
                        "PE2OMETIF",
                        "pe2ometif",
                        "3.10.0"
                    ]
                ],
                "dfp_maps": [
                    
                ],
                "ffp_maps": [
                    
                ],
                "master_companion": [
                    [
                        {
                            "id": "test"
                        },
                        "test_1.companion.ome:md5,305734cf869cbdffaa6a6299abccaefd"
                    ]
                ],
                "ome_tif": [
                    [
                        {
                            "id": "test"
                        },
                        "test_1_C07_F001_maxproj.ome.tif:md5,039048a87c7eac6bf844564b53ef1b4d"
                    ]
                ],
                "per_well_companions": [
                    [
                        {
                            "id": "test"
                        },
                        "test_1_C07.companion.ome:md5,305734cf869cbdffaa6a6299abccaefd"
                    ]
                ],
                "versions_pe2ometif": [
                    [
                        "PE2OMETIF",
                        "pe2ometif",
                        "3.10.0"
                    ]
                ]
            }
        ],
        "meta": {
            "nf-test": "0.9.2",
            "nextflow": "25.10.4"
        },
        "timestamp": "2026-04-24T16:24:57.185762497"
    },
    "pe2ometif - row and col range stub": {
        "content": [
            {
                "0": [
                    [
                        {
                            "id": "test"
                        },
                        "test_1_A01_F001_maxproj.ome.tif:md5,d41d8cd98f00b204e9800998ecf8427e"
                    ]
                ],
                "1": [
                    [
                        {
                            "id": "test"
                        },
                        "test_1.companion.ome:md5,d41d8cd98f00b204e9800998ecf8427e"
                    ]
                ],
                "2": [
                    [
                        {
                            "id": "test"
                        },
                        "test_1_A01.companion.ome:md5,d41d8cd98f00b204e9800998ecf8427e"
                    ]
                ],
                "3": [
                    [
                        {
                            "id": "test"
                        },
                        "test_1_ch01_ffp.tiff:md5,d41d8cd98f00b204e9800998ecf8427e"
                    ]
                ],
                "4": [
                    [
                        {
                            "id": "test"
                        },
                        "test_1_ch01_dfp.tiff:md5,d41d8cd98f00b204e9800998ecf8427e"
                    ]
                ],
                "5": [
                    [
                        "PE2OMETIF",
                        "pe2ometif",
                        "3.10.0"
                    ]
                ],
                "dfp_maps": [
                    [
                        {
                            "id": "test"
                        },
                        "test_1_ch01_dfp.tiff:md5,d41d8cd98f00b204e9800998ecf8427e"
                    ]
                ],
                "ffp_maps": [
                    [
                        {
                            "id": "test"
                        },
                        "test_1_ch01_ffp.tiff:md5,d41d8cd98f00b204e9800998ecf8427e"
                    ]
                ],
                "master_companion": [
                    [
                        {
                            "id": "test"
                        },
                        "test_1.companion.ome:md5,d41d8cd98f00b204e9800998ecf8427e"
                    ]
                ],
                "ome_tif": [
                    [
                        {
                            "id": "test"
                        },
                        "test_1_A01_F001_maxproj.ome.tif:md5,d41d8cd98f00b204e9800998ecf8427e"
                    ]
                ],
                "per_well_companions": [
                    [
                        {
                            "id": "test"
                        },
                        "test_1_A01.companion.ome:md5,d41d8cd98f00b204e9800998ecf8427e"
                    ]
                ],
                "versions_pe2ometif": [
                    [
                        "PE2OMETIF",
                        "pe2ometif",
                        "3.10.0"
                    ]
                ]
            }
        ],
        "meta": {
            "nf-test": "0.9.2",
            "nextflow": "25.10.4"
        },
        "timestamp": "2026-04-24T16:20:57.61368744"
    },
    "pe2ometif - col range matching well": {
        "content": [
            {
                "0": [
                    [
                        {
                            "id": "test"
                        },
                        "test_1_C07_F001_maxproj.ome.tif:md5,039048a87c7eac6bf844564b53ef1b4d"
                    ]
                ],
                "1": [
                    [
                        {
                            "id": "test"
                        },
                        "test_1.companion.ome:md5,172a474bb1fce9058cb573348717d87a"
                    ]
                ],
                "2": [
                    [
                        {
                            "id": "test"
                        },
                        "test_1_C07.companion.ome:md5,172a474bb1fce9058cb573348717d87a"
                    ]
                ],
                "3": [
                    
                ],
                "4": [
                    
                ],
                "5": [
                    [
                        "PE2OMETIF",
                        "pe2ometif",
                        "3.10.0"
                    ]
                ],
                "dfp_maps": [
                    
                ],
                "ffp_maps": [
                    
                ],
                "master_companion": [
                    [
                        {
                            "id": "test"
                        },
                        "test_1.companion.ome:md5,172a474bb1fce9058cb573348717d87a"
                    ]
                ],
                "ome_tif": [
                    [
                        {
                            "id": "test"
                        },
                        "test_1_C07_F001_maxproj.ome.tif:md5,039048a87c7eac6bf844564b53ef1b4d"
                    ]
                ],
                "per_well_companions": [
                    [
                        {
                            "id": "test"
                        },
                        "test_1_C07.companion.ome:md5,172a474bb1fce9058cb573348717d87a"
                    ]
                ],
                "versions_pe2ometif": [
                    [
                        "PE2OMETIF",
                        "pe2ometif",
                        "3.10.0"
                    ]
                ]
            }
        ],
        "meta": {
            "nf-test": "0.9.2",
            "nextflow": "25.10.4"
        },
        "timestamp": "2026-04-24T16:25:05.010329608"
    }
}